// Jest Snapshot v1, https://goo.gl/fbAQLP

exports[`Header render 1`] = `
<header
  className="header"
>
  <button
    className="logout"
    onClick={[MockFunction]}
  >
    Logout
  </button>
  <img
    alt="logo"
    className="logo"
    src="/images/logo.png"
  />
  <h1
    className="title"
  >
    Business Card Maker
  </h1>
</header>
`;
